26/09/27 23:12:47 INFO: #FastProtein Software 1.0
26/09/27 23:12:47 INFO: #Developed by Bioinformatic Laboratory - UFSC and IFSC
26/09/27 23:12:47 INFO: #An automated pipeline for proteomic profile analysis
26/09/27 23:12:47 INFO: #Questions and issues: renato.simoes@ifsc.edu.br
26/09/27 23:12:47 INFO: #See more about the project at https://github.com/bioinformatics-ufsc/FastProtein
26/09/27 23:12:47 INFO: 
26/09/27 23:12:47 INFO: Process started time: Sun Sep 27 23:12:47 UTC 2026
26/09/27 23:12:47 INFO: Temporary output folder: /FastProtein/temp/8715ff4d-7c44-461f-8e7a-09e49e1c697b
26/09/27 23:12:47 INFO: Final output folder: /data/results_fastprotein
26/09/27 23:12:47 INFO: 
26/09/27 23:12:47 INFO: Proteins in FASTA: 3997
26/09/27 23:12:47 INFO: Proteins viable for analysis: 3997
26/09/27 23:12:47 INFO: Executing ERRet - Search for Endoplasmic Reticulum Retention sites 
26/09/27 23:12:47 INFO: Executing N-Glyc - Search for N-glycosylation sites
26/09/27 23:12:47 INFO: Executing WoLFPSORT - Subcellular localization prediction
26/09/27 23:13:53 INFO: 	External Command time: 1M6.363S
26/09/27 23:13:53 INFO: 	     FastProtein time: 0.025S
26/09/27 23:13:53 INFO: 	           Total time: 1M6.388S
26/09/27 23:13:53 INFO: Executing TMHMM-2.0c - Search for transmembrane domains
26/09/27 23:13:53 INFO: 	External Command time: 0.029S
26/09/27 23:13:53 INFO: 	     FastProtein time: 0.001S
26/09/27 23:13:53 INFO: 	           Total time: 0.03S
26/09/27 23:13:53 INFO: Executing SignalP-5 - Search for signal peptide
26/09/27 23:15:03 INFO: 	External Command time: 1M10.267S
26/09/27 23:15:03 INFO: 	     FastProtein time: 0.025S
26/09/27 23:15:03 INFO: 	           Total time: 1M10.292S
26/09/27 23:15:03 INFO: Executing PredGPI - Search for Glycosylphosphatidylinositol (GPI) domain
26/09/27 23:15:36 INFO: 	External Command time: 32.722S
26/09/27 23:15:36 INFO: 	     FastProtein time: 0.036S
26/09/27 23:15:36 INFO: 	           Total time: 32.758S
26/09/27 23:15:36 INFO: Executing Phobius - Search for signal peptide and transmembrane domains
26/09/27 23:17:49 INFO: 	External Command time: 2M13.272S
26/09/27 23:17:49 INFO: 	     FastProtein time: 0.021S
26/09/27 23:17:49 INFO: 	           Total time: 2M13.293S
26/09/27 23:17:49 INFO: Skipping - InterproScan
26/09/27 23:17:49 INFO: Skipping - Search for similarity
26/09/27 23:17:51 INFO: Creating output files: .CSV
26/09/27 23:17:51 INFO: Creating output files: .TSV
26/09/27 23:17:52 INFO: Creating output files: .TXT
26/09/27 23:17:52 INFO: Creating output files: .SEP
26/09/27 23:17:52 INFO: Creating Charts
26/09/27 23:17:54 INFO: Creating ODF (Open Document Format) file 
26/09/27 23:17:54 INFO: Creating XLS (Excel Spreadsheet) file
26/09/27 23:17:55 INFO: 
26/09/27 23:17:55 INFO: Processed proteins: 3997
26/09/27 23:17:55 INFO: Process started at: Sun Sep 27 23:12:46 UTC 2026
26/09/27 23:17:55 INFO: Process ended at: Sun Sep 27 23:17:55 UTC 2026
26/09/27 23:17:55 INFO: General processing time
26/09/27 23:17:55 INFO: 	External Command time: 5M2.653S
26/09/27 23:17:55 INFO: 	     FastProtein time: 6.227S
26/09/27 23:17:55 INFO: 	           Total time: 5M8.88S
26/09/27 23:17:55 INFO: Check out your generated files in /data/results_fastprotein
26/09/27 23:17:55 INFO: Thank you for using FastProtein, we hope it will be useful for your research. Please, cite us!
26/09/27 23:17:55 INFO: 
Moreira RS, Benetti Filho V, Maia GA, Soratto TAT, Kawagoe EK, Russi BC, Miletti LC, Wagner G. 2024.
26/09/27 23:17:55 INFO: FastProtein???an automated software for in silico proteomic analysis.
26/09/27 23:17:55 INFO: PeerJ 12:e18309 https://doi.org/10.7717/peerj.18309
